<html>
<body>
<pre>
<h1>µVision Build Log</h1>
<h2>Tool Versions:</h2>
IDE-Version: µVision V5.31.0.0
Copyright (C) 2020 ARM Ltd and ARM Germany GmbH. All rights reserved.
License Information: Eric Praetzel, ECE Dept, LIC=----
 
Tool Versions:
Toolchain:       MDK-Lite  Version: 5.31.0.0
Toolchain Path:  C:\Software\Keil_v5\ARM\ARMCC\Bin
C Compiler:      Armcc.exe V5.06 update 6 (build 750)
Assembler:       Armasm.exe V5.06 update 6 (build 750)
Linker/Locator:  ArmLink.exe V5.06 update 6 (build 750)
Library Manager: ArmAr.exe V5.06 update 6 (build 750)
Hex Converter:   FromElf.exe V5.06 update 6 (build 750)
CPU DLL:         SARMCM3.DLL V5.31.0.0
Dialog DLL:      DCM.DLL V1.17.3.0
Target DLL:      UL2CM3.DLL V1.163.4.0
Dialog DLL:      TCM.DLL V1.46.0.0
 
<h2>Project:</h2>
\\ecfile1.uwaterloo.ca\j2253che\My Documents\MTE241\Lab 1\tim.uvprojx
Project File Date:  09/16/2022

<h2>Output:</h2>
*** Using Compiler 'V5.06 update 6 (build 750)', folder: 'C:\Software\Keil_v5\ARM\ARMCC\Bin'
Rebuild target 'Target 1'
compiling Retarget.c...
compiling p1_main.c...
src\osDefs.h(77): warning:  #1295-D: Deprecated declaration osYield - give arg types
  void osYield();	//pre-loads memory with important information to avoid problem of bootstrapping (context switch)
src\osDefs.h(78): warning:  #1295-D: Deprecated declaration osIdleTask - give arg types
  void osIdleTask(); //Idle thread
src\osDefs.h(82): warning:  #1295-D: Deprecated declaration cleoScheduler - give arg types
  void cleoScheduler(); //determine which task to run next
src\osDefs.h(83): warning:  #1-D: last line of file ends without a newline
  #endif
src\_threadsCore.h(23): warning:  #1-D: last line of file ends without a newline
  #endif
src\_kernelCore.h(22): warning:  #1-D: last line of file ends without a newline
  #endif
src\p1_main.c(94): warning:  #61-D: integer operation result is out of range
  	LPC_GPIO1->FIODIR |= 1<<31;
src\p1_main.c(94): warning:  #68-D: integer conversion resulted in a change of sign
  	LPC_GPIO1->FIODIR |= 1<<31;
src\p1_main.c(126): warning:  #1-D: last line of file ends without a newline
  }
src\p1_main.c: 9 warnings, 0 errors
compiling uart.c...
compiling _threadsCore.c...
src\osDefs.h(77): warning:  #1295-D: Deprecated declaration osYield - give arg types
  void osYield();	//pre-loads memory with important information to avoid problem of bootstrapping (context switch)
src\osDefs.h(78): warning:  #1295-D: Deprecated declaration osIdleTask - give arg types
  void osIdleTask(); //Idle thread
src\osDefs.h(82): warning:  #1295-D: Deprecated declaration cleoScheduler - give arg types
  void cleoScheduler(); //determine which task to run next
src\osDefs.h(83): warning:  #1-D: last line of file ends without a newline
  #endif
src\_threadsCore.h(23): warning:  #1-D: last line of file ends without a newline
  #endif
src\_threadsCore.c(146): warning:  #61-D: integer operation result is out of range
  	LPC_GPIO1->FIOCLR |= 1<<31;
src\_threadsCore.c(146): warning:  #68-D: integer conversion resulted in a change of sign
  	LPC_GPIO1->FIOCLR |= 1<<31;
src\_threadsCore.c(167): warning:  #61-D: integer operation result is out of range
  		LPC_GPIO1->FIOSET |= 1<<31;
src\_threadsCore.c(167): warning:  #68-D: integer conversion resulted in a change of sign
  		LPC_GPIO1->FIOSET |= 1<<31;
src\_threadsCore.c(175): warning:  #1-D: last line of file ends without a newline
  }
src\_threadsCore.c: 10 warnings, 0 errors
assembling svc_call.s...
assembling startup_LPC17xx.s...
compiling _kernelCore.c...
src\osDefs.h(77): warning:  #1295-D: Deprecated declaration osYield - give arg types
  void osYield();	//pre-loads memory with important information to avoid problem of bootstrapping (context switch)
src\osDefs.h(78): warning:  #1295-D: Deprecated declaration osIdleTask - give arg types
  void osIdleTask(); //Idle thread
src\osDefs.h(82): warning:  #1295-D: Deprecated declaration cleoScheduler - give arg types
  void cleoScheduler(); //determine which task to run next
src\osDefs.h(83): warning:  #1-D: last line of file ends without a newline
  #endif
src\_kernelCore.h(22): warning:  #1-D: last line of file ends without a newline
  #endif
src\_kernelCore.c(176): warning:  #940-D: missing return statement at end of non-void function "osMutexRelease" 
  }
src\_kernelCore.c(226): warning:  #1-D: last line of file ends without a newline
  } 
src\_kernelCore.c: 7 warnings, 0 errors
compiling system_LPC17xx.c...
linking...
Program Size: Code=4412 RO-data=276 RW-data=100 ZI-data=16900  
".\Objects\tim.axf" - 0 Error(s), 26 Warning(s).

<h2>Software Packages used:</h2>

Package Vendor: ARM
                http://www.keil.com/pack/ARM.CMSIS.5.8.0.pack
                ARM.CMSIS.5.8.0
                CMSIS (Common Microcontroller Software Interface Standard)
   * Component: CORE Version: 5.5.0

Package Vendor: Keil
                http://www.keil.com/pack/Keil.LPC1700_DFP.2.7.0.pack
                Keil.LPC1700_DFP.2.7.0
                NXP LPC1700 Series Device Support, Drivers and Examples for MCB1700 and LPC1788-32
   * Component: Startup Version: 1.0.0

<h2>Collection of Component include folders:</h2>
  .\RTE\Device\LPC1768
  .\RTE\_Target_1
  C:\Software\Keil_v5\ARM\PACK\ARM\CMSIS\5.8.0\CMSIS\Core\Include
  C:\Software\Keil_v5\ARM\PACK\Keil\LPC1700_DFP\2.7.0\Device\Include

<h2>Collection of Component Files used:</h2>

   * Component: ARM::CMSIS:CORE:5.5.0

   * Component: Keil::Device:Startup:1.0.0
      Source file:   Device\Source\system_LPC17xx.c
      Source file:   Device\Source\ARM\startup_LPC17xx.s
      Include file:  RTE_Driver\Config\RTE_Device.h
      Include file:  Device\Include\LPC17xx.h
Build Time Elapsed:  00:00:01
</pre>
</body>
</html>
